---
source: zellij-server/src/./unit/screen_tests.rs
assertion_line: 3727
expression: "format!(\"{}\", snapshot_count)"
---
2
