---
source: zellij-server/src/panes/tiled_panes/./unit/stacked_panes_tests.rs
assertion_line: 132
expression: "format!(\"{:#?}\", pane_geoms_after)"
---
[
    PaneGeom {
        x: 0,
        y: 0,
        rows: Dimension {
            constraint: Percent(
                100.0,
            ),
            inner: 99,
        },
        cols: Dimension {
            constraint: Percent(
                100.0,
            ),
            inner: 1,
        },
        stacked: Some(
            0,
        ),
        is_pinned: false,
        logical_position: Some(
            1,
        ),
    },
    PaneGeom {
        x: 0,
        y: 99,
        rows: Dimension {
            constraint: Fixed(
                1,
            ),
            inner: 1,
        },
        cols: Dimension {
            constraint: Percent(
                100.0,
            ),
            inner: 1,
        },
        stacked: Some(
            0,
        ),
        is_pinned: false,
        logical_position: Some(
            2,
        ),
    },
]
